    Updating crates.io index
 Downloading crates ...
  Downloaded cargo-audit v0.22.1
  Installing cargo-audit v0.22.1
    Updating crates.io index
     Locking 401 packages to latest compatible versions
      Adding generic-array v0.14.7 (available: v0.14.9)
 Downloading crates ...
  Downloaded adler2 v2.0.1
  Downloaded allocator-api2 v0.2.21
  Downloaded gix-ignore v0.19.0
  Downloaded form_urlencoded v1.2.2
  Downloaded gix-fs v0.19.1
  Downloaded gix-config-value v0.17.1
  Downloaded gix-negotiate v0.26.0
  Downloaded quitters v0.1.0
  Downloaded rustc-stable-hash v0.1.2
  Downloaded shell-words v1.1.1
  Downloaded shlex v1.3.0
  Downloaded sharded-slab v0.1.7
  Downloaded try-lock v0.2.5
  Downloaded twox-hash v2.1.2
  Downloaded tracing-core v0.1.36
  Downloaded strsim v0.11.1
  Downloaded thiserror v2.0.18
  Downloaded tower-layer v0.3.3
  Downloaded topological-sort v0.2.2
  Downloaded toml_writer v1.0.6+spec-1.1.0
  Downloaded walkdir v2.5.0
  Downloaded zeroize v1.8.2
  Downloaded yoke v0.8.1
  Downloaded zerofrom-derive v0.1.6
  Downloaded serde v1.0.228
  Downloaded rustsec v0.32.0
  Downloaded zerofrom v0.1.6
  Downloaded yoke-derive v0.8.1
  Downloaded serde_json v1.0.149
  Downloaded petgraph v0.8.3
  Downloaded libc v0.2.183
  Downloaded jiff v0.2.23
  Downloaded writeable v0.6.2
  Downloaded sha1-checked v0.10.0
  Downloaded want v0.3.1
  Downloaded wait-timeout v0.2.1
  Downloaded version_check v0.9.5
  Downloaded zmij v1.0.21
  Downloaded zerovec-derive v0.11.2
  Downloaded aws-lc-sys v0.38.0
  Downloaded tame-index v0.26.0
  Downloaded tower-http v0.6.8
  Downloaded tower v0.5.3
  Downloaded tokio-util v0.7.18
  Downloaded time v0.3.47
  Downloaded syn v2.0.117
  Downloaded utf8parse v0.2.2
  Downloaded utf8_iter v1.0.4
  Downloaded url v2.5.8
  Downloaded zerotrie v0.2.3
  Downloaded winnow v0.7.15
  Downloaded unicode-normalization v0.1.25
  Downloaded zerovec v0.11.5
  Downloaded typenum v1.19.0
  Downloaded linux-raw-sys v0.12.1
  Downloaded tokio v1.50.0
  Downloaded wasmparser v0.207.0
  Downloaded tracing-subscriber v0.3.22
  Downloaded untrusted v0.9.0
  Downloaded unicode-ident v1.0.24
  Downloaded unicode-bom v2.0.3
  Downloaded zerocopy v0.8.42
  Downloaded uluru v3.1.0
  Downloaded rustls-webpki v0.103.9
  Downloaded object v0.37.3
  Downloaded tracing v0.1.44
  Downloaded toml_parser v1.0.9+spec-1.1.0
  Downloaded toml_datetime v0.7.5+spec-1.1.0
  Downloaded toml-span v0.6.0
  Downloaded toml v0.9.12+spec-1.1.0
  Downloaded tinyvec_macros v0.1.1
  Downloaded time-macros v0.2.27
  Downloaded tokio-rustls v0.26.4
  Downloaded zlib-rs v0.6.3
  Downloaded tinyvec v1.10.0
  Downloaded tinystr v0.8.2
  Downloaded time-core v0.1.8
  Downloaded thread_local v1.1.9
  Downloaded thiserror-impl v2.0.18
  Downloaded termcolor v1.4.1
  Downloaded tempfile v3.27.0
  Downloaded ring v0.17.14
  Downloaded synstructure v0.13.2
  Downloaded sync_wrapper v1.0.2
  Downloaded subtle v2.6.1
  Downloaded static_assertions v1.1.0
  Downloaded socket2 v0.6.3
  Downloaded slab v0.4.12
  Downloaded rustls v0.23.37
  Downloaded rustix v1.1.4
  Downloaded regex-syntax v0.8.10
  Downloaded stable_deref_trait v1.2.1
  Downloaded smol_str v0.3.6
  Downloaded smallvec v1.15.1
  Downloaded simd-adler32 v0.3.8
  Downloaded reqwest v0.13.2
  Downloaded hashbrown v0.15.5
  Downloaded h2 v0.4.13
  Downloaded iri-string v0.7.10
  Downloaded idna v1.1.0
  Downloaded icu_properties_data v2.1.2
  Downloaded hyper v1.8.1
  Downloaded hashbrown v0.16.1
  Downloaded gix-pack v0.65.0
  Downloaded tracing-attributes v0.1.31
  Downloaded mio v1.1.1
  Downloaded indexmap v2.13.0
  Downloaded hyper-util v0.1.20
  Downloaded http v1.4.0
  Downloaded encoding_rs v0.8.35
  Downloaded tracing-log v0.2.0
  Downloaded tower-service v0.3.3
  Downloaded regex-automata v0.4.14
  Downloaded memchr v2.8.0
  Downloaded jiff-static v0.2.23
  Downloaded icu_collections v2.1.1
  Downloaded serde_derive v1.0.228
  Downloaded regex v1.12.3
  Downloaded rayon v1.11.0
  Downloaded miniz_oxide v0.8.9
  Downloaded icu_provider v2.1.1
  Downloaded icu_properties v2.1.2
  Downloaded icu_normalizer_data v2.1.1
  Downloaded icu_normalizer v2.1.1
  Downloaded icu_locale_core v2.1.1
  Downloaded heapless v0.8.0
  Downloaded gix-transport v0.53.0
  Downloaded gix-ref v0.58.0
  Downloaded gix-protocol v0.56.0
  Downloaded gix-odb v0.75.0
  Downloaded gix-object v0.55.0
  Downloaded color-eyre v0.6.5
  Downloaded sha1 v0.10.6
  Downloaded serde_spanned v1.0.4
  Downloaded serde_core v1.0.228
  Downloaded semver v1.0.27
  Downloaded same-file v1.0.6
  Downloaded rustls-native-certs v0.8.3
  Downloaded rayon-core v1.13.0
  Downloaded rand_core v0.9.5
  Downloaded quinn-proto v0.11.14
  Downloaded proc-macro2 v1.0.106
  Downloaded platforms v3.8.0
  Downloaded pin-project-lite v0.2.17
  Downloaded parking_lot_core v0.9.12
  Downloaded parking_lot v0.12.5
  Downloaded once_cell v1.21.3
  Downloaded memmap2 v0.9.10
  Downloaded log v0.4.29
  Downloaded litemap v0.8.1
  Downloaded hyper-rustls v0.27.7
  Downloaded httparse v1.10.1
  Downloaded gix-worktree v0.47.0
  Downloaded gix-traverse v0.52.0
  Downloaded gix-revision v0.40.0
  Downloaded gix-refspec v0.36.0
  Downloaded gix-path v0.11.1
  Downloaded gix-packetline v0.21.1
  Downloaded gix v0.78.0
  Downloaded gimli v0.32.3
  Downloaded bstr v1.12.1
  Downloaded aws-lc-rs v1.16.1
  Downloaded secrecy v0.10.3
  Downloaded scopeguard v1.2.0
  Downloaded rustversion v1.0.22
  Downloaded rustls-platform-verifier v0.6.2
  Downloaded rustls-pki-types v1.14.0
  Downloaded rand_chacha v0.9.0
  Downloaded rand v0.9.2
  Downloaded quinn v0.11.9
  Downloaded ppv-lite86 v0.2.21
  Downloaded powerfmt v0.2.0
  Downloaded owo-colors v4.3.0
  Downloaded nu-ansi-term v0.50.3
  Downloaded mime v0.3.17
  Downloaded maybe-async v0.2.10
  Downloaded lock_api v0.4.14
  Downloaded kstring v2.0.2
  Downloaded jobserver v0.1.34
  Downloaded ipnet v2.12.0
  Downloaded http-body-util v0.1.3
  Downloaded http-body v1.0.1
  Downloaded hash32 v0.3.1
  Downloaded gix-worktree-state v0.25.0
  Downloaded gix-utils v0.3.1
  Downloaded gix-url v0.35.2
  Downloaded gix-tempfile v21.0.1
  Downloaded gix-submodule v0.25.0
  Downloaded gix-sec v0.13.1
  Downloaded gix-revwalk v0.26.0
  Downloaded gix-prompt v0.13.1
  Downloaded gix-pathspec v0.15.1
  Downloaded gix-diff v0.58.0
  Downloaded futures-util v0.3.32
  Downloaded clap_builder v4.5.60
  Downloaded cc v1.2.56
  Downloaded async-compression v0.4.41
  Downloaded aho-corasick v1.1.4
  Downloaded rustc-hash v2.1.1
  Downloaded rustc-demangle v0.1.27
  Downloaded quote v1.0.45
  Downloaded quinn-udp v0.5.14
  Downloaded prodash v31.0.0
  Downloaded pin-utils v0.1.0
  Downloaded percent-encoding v2.3.2
  Downloaded openssl-probe v0.2.1
  Downloaded matchers v0.2.0
  Downloaded lru-slab v0.1.2
  Downloaded itoa v1.0.17
  Downloaded is_terminal_polyfill v1.70.2
  Downloaded io-close v0.3.7
  Downloaded idna_adapter v1.2.1
  Downloaded ident_case v1.0.1
  Downloaded gix-validate v0.11.0
  Downloaded gix-trace v0.1.18
  Downloaded gix-quote v0.6.2
  Downloaded gix-features v0.46.1
  Downloaded gix-config v0.51.0
  Downloaded getrandom v0.4.2
  Downloaded getrandom v0.3.4
  Downloaded flate2 v1.1.9
  Downloaded digest v0.10.7
  Downloaded cvss v2.2.0
  Downloaded crossbeam-utils v0.8.21
  Downloaded crossbeam-epoch v0.9.18
  Downloaded crossbeam-channel v0.5.15
  Downloaded clap v4.5.60
  Downloaded cargo-lock v11.0.1
  Downloaded bytes v1.11.1
  Downloaded borsh v1.6.0
  Downloaded bitflags v2.11.0
  Downloaded base64 v0.22.1
  Downloaded backtrace v0.3.76
  Downloaded arc-swap v1.8.2
  Downloaded potential_utf v0.1.4
  Downloaded num-conv v0.2.0
  Downloaded lazy_static v1.5.0
  Downloaded indenter v0.3.4
  Downloaded home v0.5.12
  Downloaded heck v0.5.0
  Downloaded gix-shallow v0.8.1
  Downloaded gix-index v0.46.0
  Downloaded gix-glob v0.24.0
  Downloaded gix-filter v0.25.0
  Downloaded gix-error v0.0.0
  Downloaded gix-discover v0.46.0
  Downloaded gix-date v0.13.0
  Downloaded gix-credentials v0.35.0
  Downloaded gix-commitgraph v0.32.0
  Downloaded gix-attributes v0.30.1
  Downloaded getrandom v0.2.17
  Downloaded futures-channel v0.3.32
  Downloaded fs_extra v1.3.0
  Downloaded fs-err v3.3.0
  Downloaded foldhash v0.2.0
  Downloaded foldhash v0.1.5
  Downloaded fixedbitset v0.5.7
  Downloaded find-msvc-tools v0.1.9
  Downloaded filetime v0.2.27
  Downloaded faster-hex v0.10.0
  Downloaded eyre v0.6.12
  Downloaded either v1.15.0
  Downloaded displaydoc v0.2.5
  Downloaded deranged v0.5.8
  Downloaded crc32fast v1.5.0
  Downloaded cpufeatures v0.2.17
  Downloaded compression-codecs v0.4.37
  Downloaded cmake v0.1.57
  Downloaded clru v0.6.3
  Downloaded clap_derive v4.5.55
  Downloaded camino v1.2.2
  Downloaded byteorder v1.5.0
  Downloaded binfarce v0.2.1
  Downloaded autocfg v1.5.0
  Downloaded auditable-info v0.10.0
  Downloaded arrayvec v0.7.6
  Downloaded anstream v0.6.21
  Downloaded abscissa_core v0.9.0
  Downloaded gix-lock v21.0.1
  Downloaded gix-hashtable v0.12.0
  Downloaded crypto-common v0.1.7
  Downloaded crossbeam-deque v0.8.6
  Downloaded anstyle-query v1.1.5
  Downloaded anstyle-parse v0.2.7
  Downloaded anstyle v1.0.13
  Downloaded gix-command v0.7.1
  Downloaded gix-chunk v0.5.0
  Downloaded gix-actor v0.38.0
  Downloaded generic-array v0.14.7
  Downloaded futures-core v0.3.32
  Downloaded errno v0.3.14
  Downloaded equivalent v1.0.2
  Downloaded display-error-chain v0.2.2
  Downloaded cfg-if v1.0.4
  Downloaded auditable-extract v0.3.5
  Downloaded gix-bitmap v0.2.16
  Downloaded futures-task v0.3.32
  Downloaded futures-sink v0.3.32
  Downloaded futures-io v0.3.32
  Downloaded fastrand v2.3.0
  Downloaded dunce v1.0.5
  Downloaded canonical-path v2.0.2
  Downloaded block-buffer v0.10.4
  Downloaded fnv v1.0.7
  Downloaded colorchoice v1.0.4
  Downloaded addr2line v0.25.1
  Downloaded gix-hash v0.22.1
  Downloaded compression-core v0.4.31
  Downloaded clap_lex v1.0.0
  Downloaded cfg_aliases v0.2.1
  Downloaded auditable-serde v0.9.0
  Downloaded atomic-waker v1.1.2
  Downloaded abscissa_derive v0.9.0
   Compiling proc-macro2 v1.0.106
   Compiling quote v1.0.45
   Compiling unicode-ident v1.0.24
   Compiling libc v0.2.183
   Compiling memchr v2.8.0
   Compiling cfg-if v1.0.4
   Compiling aho-corasick v1.1.4
   Compiling smallvec v1.15.1
   Compiling regex-syntax v0.8.10
   Compiling syn v2.0.117
   Compiling once_cell v1.21.3
   Compiling bytes v1.11.1
   Compiling thiserror v2.0.18
   Compiling stable_deref_trait v1.2.1
   Compiling regex-automata v0.4.14
   Compiling crc32fast v1.5.0
   Compiling crossbeam-utils v0.8.21
   Compiling tinyvec_macros v0.1.1
   Compiling tinyvec v1.10.0
   Compiling thiserror-impl v2.0.18
   Compiling fastrand v2.3.0
   Compiling gix-trace v0.1.18
   Compiling bstr v1.12.1
   Compiling gix-validate v0.11.0
   Compiling unicode-normalization v0.1.25
   Compiling parking_lot_core v0.9.12
   Compiling gix-path v0.11.1
   Compiling itoa v1.0.17
   Compiling gix-utils v0.3.1
   Compiling scopeguard v1.2.0
   Compiling lock_api v0.4.14
   Compiling bitflags v2.11.0
   Compiling parking_lot v0.12.5
   Compiling crossbeam-channel v0.5.15
   Compiling same-file v1.0.6
   Compiling walkdir v2.5.0
   Compiling prodash v31.0.0
   Compiling allocator-api2 v0.2.21
   Compiling equivalent v1.0.2
   Compiling foldhash v0.2.0
   Compiling zlib-rs v0.6.3
   Compiling hashbrown v0.16.1
   Compiling version_check v0.9.5
   Compiling typenum v1.19.0
   Compiling generic-array v0.14.7
   Compiling byteorder v1.5.0
   Compiling heapless v0.8.0
   Compiling hash32 v0.3.1
   Compiling gix-features v0.46.1
   Compiling block-buffer v0.10.4
   Compiling crypto-common v0.1.7
   Compiling digest v0.10.7
   Compiling faster-hex v0.10.0
   Compiling gix-error v0.0.0
   Compiling cpufeatures v0.2.17
   Compiling serde_core v1.0.228
   Compiling sha1 v0.10.6
   Compiling synstructure v0.13.2
   Compiling winnow v0.7.15
   Compiling sha1-checked v0.10.0
   Compiling jiff v0.2.23
   Compiling gix-hash v0.22.1
   Compiling zerofrom-derive v0.1.6
   Compiling rustix v1.1.4
   Compiling pin-project-lite v0.2.17
   Compiling zerofrom v0.1.6
   Compiling gix-hashtable v0.12.0
   Compiling yoke-derive v0.8.1
   Compiling linux-raw-sys v0.12.1
   Compiling gix-date v0.13.0
   Compiling gix-actor v0.38.0
   Compiling yoke v0.8.1
   Compiling gix-object v0.55.0
   Compiling jobserver v0.1.34
   Compiling shlex v1.3.0
   Compiling find-msvc-tools v0.1.9
   Compiling cc v1.2.56
   Compiling zerovec-derive v0.11.2
   Compiling memmap2 v0.9.10
   Compiling getrandom v0.4.2
   Compiling cmake v0.1.57
   Compiling displaydoc v0.2.5
   Compiling dunce v1.0.5
   Compiling fs_extra v1.3.0
   Compiling futures-core v0.3.32
   Compiling aws-lc-sys v0.38.0
   Compiling socket2 v0.6.3
   Compiling zerovec v0.11.5
   Compiling mio v1.1.1
   Compiling zeroize v1.8.2
   Compiling serde v1.0.228
   Compiling tokio v1.50.0
   Compiling tempfile v3.27.0
   Compiling gix-chunk v0.5.0
   Compiling gix-fs v0.19.1
   Compiling serde_derive v1.0.228
   Compiling simd-adler32 v0.3.8
   Compiling futures-sink v0.3.32
   Compiling adler2 v2.0.1
   Compiling miniz_oxide v0.8.9
   Compiling gix-tempfile v21.0.1
   Compiling tinystr v0.8.2
   Compiling gix-quote v0.6.2
   Compiling tracing-core v0.1.36
   Compiling percent-encoding v2.3.2
   Compiling litemap v0.8.1
   Compiling aws-lc-rs v1.16.1
   Compiling writeable v0.6.2
   Compiling icu_locale_core v2.1.1
   Compiling potential_utf v0.1.4
   Compiling zerotrie v0.2.3
   Compiling http v1.4.0
   Compiling tracing-attributes v0.1.31
   Compiling icu_normalizer_data v2.1.1
   Compiling icu_properties_data v2.1.2
   Compiling slab v0.4.12
   Compiling fnv v1.0.7
   Compiling icu_provider v2.1.1
   Compiling tracing v0.1.44
   Compiling icu_collections v2.1.1
   Compiling gix-commitgraph v0.32.0
   Compiling rustls-pki-types v1.14.0
   Compiling gix-glob v0.24.0
   Compiling indexmap v2.13.0
   Compiling gix-revwalk v0.26.0
   Compiling http-body v1.0.1
   Compiling gix-lock v21.0.1
   Compiling tokio-util v0.7.18
   Compiling rustls v0.23.37
   Compiling futures-io v0.3.32
   Compiling httparse v1.10.1
   Compiling untrusted v0.9.0
   Compiling futures-task v0.3.32
   Compiling futures-util v0.3.32
   Compiling icu_properties v2.1.2
   Compiling icu_normalizer v2.1.1
   Compiling tower-service v0.3.3
   Compiling try-lock v0.2.5
   Compiling atomic-waker v1.1.2
   Compiling subtle v2.6.1
   Compiling log v0.4.29
   Compiling unicode-bom v2.0.3
   Compiling h2 v0.4.13
   Compiling want v0.3.1
   Compiling idna_adapter v1.2.1
   Compiling flate2 v1.1.9
   Compiling futures-channel v0.3.32
   Compiling gix-config-value v0.17.1
   Compiling utf8_iter v1.0.4
   Compiling shell-words v1.1.1
   Compiling compression-core v0.4.31
   Compiling pin-utils v0.1.0
   Compiling static_assertions v1.1.0
   Compiling kstring v2.0.2
   Compiling compression-codecs v0.4.37
   Compiling gix-command v0.7.1
   Compiling idna v1.1.0
   Compiling form_urlencoded v1.2.2
   Compiling hyper v1.8.1
   Compiling sync_wrapper v1.0.2
   Compiling gix-sec v0.13.1
   Compiling encoding_rs v0.8.35
   Compiling ipnet v2.12.0
   Compiling tower-layer v0.3.3
   Compiling base64 v0.22.1
   Compiling openssl-probe v0.2.1
   Compiling rustls-native-certs v0.8.3
   Compiling hyper-util v0.1.20
   Compiling tower v0.5.3
   Compiling url v2.5.8
   Compiling async-compression v0.4.41
   Compiling gix-attributes v0.30.1
   Compiling http-body-util v0.1.3
   Compiling semver v1.0.27
   Compiling rustversion v1.0.22
   Compiling iri-string v0.7.10
   Compiling zmij v1.0.21
   Compiling gix-ref v0.58.0
   Compiling gix-url v0.35.2
   Compiling tower-http v0.6.8
   Compiling gix-packetline v0.21.1
   Compiling mime v0.3.17
   Compiling serde_json v1.0.149
   Compiling gix-prompt v0.13.1
   Compiling gix-traverse v0.52.0
   Compiling gix-revision v0.40.0
   Compiling crossbeam-epoch v0.9.18
   Compiling gix-bitmap v0.2.16
   Compiling filetime v0.2.27
   Compiling rayon-core v1.13.0
   Compiling object v0.37.3
   Compiling utf8parse v0.2.2
   Compiling arrayvec v0.7.6
   Compiling autocfg v1.5.0
   Compiling fs-err v3.3.0
   Compiling uluru v3.1.0
   Compiling anstyle-parse v0.2.7
   Compiling gix-index v0.46.0
   Compiling crossbeam-deque v0.8.6
   Compiling gix-refspec v0.36.0
   Compiling gix-credentials v0.35.0
   Compiling arc-swap v1.8.2
   Compiling gix-ignore v0.19.0
   Compiling serde_spanned v1.0.4
   Compiling toml_datetime v0.7.5+spec-1.1.0
   Compiling toml_parser v1.0.9+spec-1.1.0
   Compiling clru v0.6.3
   Compiling owo-colors v4.3.0
   Compiling camino v1.2.2
   Compiling anstyle v1.0.13
   Compiling foldhash v0.1.5
   Compiling eyre v0.6.12
   Compiling gimli v0.32.3
   Compiling anstyle-query v1.1.5
   Compiling is_terminal_polyfill v1.70.2
   Compiling colorchoice v1.0.4
   Compiling toml_writer v1.0.6+spec-1.1.0
   Compiling anstream v0.6.21
   Compiling toml v0.9.12+spec-1.1.0
   Compiling hashbrown v0.15.5
   Compiling gix-pack v0.65.0
   Compiling addr2line v0.25.1
   Compiling gix-worktree v0.47.0
   Compiling gix-filter v0.25.0
   Compiling gix-config v0.51.0
   Compiling gix-pathspec v0.15.1
   Compiling gix-shallow v0.8.1
   Compiling gix-negotiate v0.26.0
   Compiling wasmparser v0.207.0
   Compiling regex v1.12.3
   Compiling maybe-async v0.2.10
   Compiling io-close v0.3.7
   Compiling binfarce v0.2.1
   Compiling strsim v0.11.1
   Compiling heck v0.5.0
   Compiling rustc-demangle v0.1.27
   Compiling indenter v0.3.4
   Compiling clap_lex v1.0.0
   Compiling powerfmt v0.2.0
   Compiling topological-sort v0.2.2
   Compiling either v1.15.0
   Compiling lazy_static v1.5.0
   Compiling fixedbitset v0.5.7
   Compiling rayon v1.11.0
   Compiling sharded-slab v0.1.7
   Compiling petgraph v0.8.3
   Compiling auditable-serde v0.9.0
   Compiling deranged v0.5.8
   Compiling clap_builder v4.5.60
   Compiling backtrace v0.3.76
   Compiling clap_derive v4.5.55
   Compiling auditable-extract v0.3.5
   Compiling gix-worktree-state v0.25.0
   Compiling gix-submodule v0.25.0
   Compiling gix-odb v0.75.0
   Compiling gix-discover v0.46.0
   Compiling tracing-log v0.2.0
   Compiling gix-diff v0.58.0
   Compiling smol_str v0.3.6
   Compiling matchers v0.2.0
   Compiling toml-span v0.6.0
   Compiling thread_local v1.1.9
   Compiling nu-ansi-term v0.50.3
   Compiling time-core v0.1.8
   Compiling home v0.5.12
   Compiling rustc-stable-hash v0.1.2
   Compiling num-conv v0.2.0
   Compiling twox-hash v2.1.2
   Compiling ident_case v1.0.1
   Compiling time v0.3.47
   Compiling abscissa_derive v0.9.0
   Compiling tracing-subscriber v0.3.22
   Compiling color-eyre v0.6.5
   Compiling auditable-info v0.10.0
   Compiling clap v4.5.60
   Compiling cargo-lock v11.0.1
   Compiling quitters v0.1.0
   Compiling cvss v2.2.0
   Compiling secrecy v0.10.3
   Compiling platforms v3.8.0
   Compiling wait-timeout v0.2.1
   Compiling termcolor v1.4.1
   Compiling canonical-path v2.0.2
   Compiling display-error-chain v0.2.2
   Compiling abscissa_core v0.9.0
   Compiling rustls-webpki v0.103.9
   Compiling tokio-rustls v0.26.4
   Compiling rustls-platform-verifier v0.6.2
   Compiling hyper-rustls v0.27.7
   Compiling reqwest v0.13.2
   Compiling gix-transport v0.53.0
   Compiling tame-index v0.26.0
   Compiling gix-protocol v0.56.0
   Compiling gix v0.78.0
   Compiling rustsec v0.32.0
   Compiling cargo-audit v0.22.1
    Finished `release` profile [optimized] target(s) in 5m 11s
  Installing /home/jules/.cargo/bin/cargo-audit
   Installed package `cargo-audit v0.22.1` (executable `cargo-audit`)
