[step 01 | +  0s] Onramp clean-room run (mode=path) starting
[step 02 | +  0s] repo: /home/user/force-rs
[step 03 | +  0s] fresh scratch dir: /tmp/onramp-clean-room-l1IYRx (starts from nothing)
[step 04 | +  0s] extracting Installation + Quick Start verbatim from README.md
[step 05 | +  0s] mode=path: pointing the 'force' dependency at this checkout (/home/user/force-rs/crates/force)
[step 06 | +  0s] Cargo.toml written:
[package]
name = "onramp-quickstart-check"
version = "0.0.0"
edition = "2021"

[dependencies]
force = { path = "/home/user/force-rs/crates/force" }
tokio = { version = "1", features = ["full"] }
serde = { version = "1", features = ["derive"] }
anyhow = "1.0"
[step 07 | +  0s] src/main.rs written (verbatim README Quick Start block, 43 lines)
[step 08 | +  0s] docker unavailable/not running here: falling back to a host cargo build in the scratch dir
[step 09 | +  0s] (the committed harness still runs this same journey in a container in CI / on any dev machine with Docker)
    Updating crates.io index
     Locking 161 packages to latest compatible versions
   Compiling proc-macro2 v1.0.107
   Compiling quote v1.0.47
   Compiling unicode-ident v1.0.24
   Compiling libc v0.2.189
   Compiling cfg-if v1.0.4
   Compiling stable_deref_trait v1.2.1
   Compiling smallvec v1.16.1
   Compiling pin-project-lite v0.2.17
   Compiling futures-core v0.3.34
   Compiling bytes v1.12.1
   Compiling parking_lot_core v0.9.12
   Compiling futures-sink v0.3.34
   Compiling scopeguard v1.2.0
   Compiling lock_api v0.4.14
   Compiling itoa v1.0.18
   Compiling syn v3.0.5
   Compiling syn v2.0.119
   Compiling find-msvc-tools v0.1.12
   Compiling errno v0.3.14
   Compiling shlex v2.0.1
   Compiling cc v1.4.6
   Compiling parking_lot v0.12.5
   Compiling signal-hook-registry v1.4.8
   Compiling socket2 v0.6.5
   Compiling mio v1.2.3
   Compiling futures-channel v0.3.34
   Compiling litemap v0.8.3
   Compiling memchr v2.8.3
   Compiling writeable v0.6.4
   Compiling ring v0.17.14
   Compiling serde_core v1.0.229
   Compiling slab v0.4.12
   Compiling utf8_iter v1.0.4
   Compiling icu_normalizer_data v2.3.0
   Compiling futures-task v0.3.34
   Compiling futures-io v0.3.34
   Compiling zeroize v1.9.0
   Compiling icu_properties_data v2.3.0
   Compiling synstructure v0.13.2
   Compiling http v1.5.0
   Compiling zerovec-derive v0.11.6
   Compiling zerofrom-derive v0.1.7
   Compiling yoke-derive v0.8.2
   Compiling displaydoc v0.2.7
   Compiling tokio-macros v2.7.2
   Compiling zerofrom v0.1.8
   Compiling futures-macro v0.3.34
   Compiling yoke v0.8.3
   Compiling zerovec v0.11.8
   Compiling tokio v1.53.1
   Compiling zerotrie v0.2.5
   Compiling percent-encoding v2.3.2
   Compiling futures-util v0.3.34
   Compiling tinystr v0.8.4
   Compiling potential_utf v0.1.6
   Compiling icu_locale_core v2.3.0
   Compiling icu_collections v2.3.0
   Compiling once_cell v1.21.4
   Compiling http-body v1.1.0
   Compiling icu_provider v2.3.1
   Compiling rustls-pki-types v1.15.1
   Compiling getrandom v0.2.17
   Compiling untrusted v0.9.0
   Compiling serde v1.0.229
   Compiling httparse v1.10.1
   Compiling icu_properties v2.3.0
   Compiling icu_normalizer v2.3.0
   Compiling serde_derive v1.0.229
   Compiling rustls v0.23.45
   Compiling tower-service v0.3.3
   Compiling try-lock v0.2.5
   Compiling want v0.3.1
   Compiling idna_adapter v1.2.2
   Compiling rustls-webpki v0.103.15
   Compiling tracing-core v0.1.36
   Compiling form_urlencoded v1.2.2
   Compiling tracing-attributes v0.1.31
   Compiling subtle v2.6.1
   Compiling zmij v1.0.23
   Compiling atomic-waker v1.1.2
   Compiling autocfg v1.5.1
   Compiling num-traits v0.2.19
   Compiling hyper v1.11.1
   Compiling tracing v0.1.44
   Compiling idna v1.1.0
   Compiling sync_wrapper v1.0.2
   Compiling base64 v0.22.1
   Compiling tower-layer v0.3.3
   Compiling serde_json v1.0.151
   Compiling ipnet v2.12.2
   Compiling tower v0.5.3
   Compiling hyper-util v0.1.20
   Compiling url v2.5.8
   Compiling webpki-roots v1.0.9
   Compiling bitflags v2.13.2
   Compiling ryu v1.0.23
   Compiling thiserror v2.0.20
   Compiling serde_urlencoded v0.7.1
   Compiling tower-http v0.6.11
   Compiling tokio-util v0.7.19
   Compiling futures-executor v0.3.34
   Compiling http-body-util v0.1.5
   Compiling thiserror-impl v2.0.20
   Compiling tokio-rustls v0.26.5
   Compiling hyper-rustls v0.27.9
   Compiling log v0.4.34
   Compiling anyhow v1.0.104
   Compiling iana-time-zone v0.1.65
   Compiling chrono v0.4.45
   Compiling reqwest v0.12.28
   Compiling futures v0.3.34
   Compiling secrecy v0.10.3
   Compiling async-trait v0.1.92
   Compiling force v0.4.0 (/home/user/force-rs/crates/force)
   Compiling onramp-quickstart-check v0.0.0 (/tmp/onramp-clean-room-l1IYRx/proj)
error[E0599]: no method named `query` found for struct `RestHandler<A>` in the current scope
   --> src/main.rs:31:32
    |
 31 |     let result = client.rest().query::<Account>(soql).await?;
    |                                ^^^^^
    |
   ::: /home/user/force-rs/crates/force/src/api/rest_operation.rs:446:14
    |
446 |     async fn query<T>(&self, soql: &str) -> Result<QueryResult<T>>
    |              ----- the method is available for `RestHandler<ClientCredentials>` here
    |
    = help: items from traits can only be used if the trait is in scope
help: trait `RestOperation` which provides `query` is implemented but not in scope; perhaps you want to import it
    |
  1 + use force::api::RestOperation;
    |
help: there is a method `query_more` with a similar name
    |
 31 |     let result = client.rest().query_more::<Account>(soql).await?;
    |                                     +++++

For more information about this error, try `rustc --explain E0599`.
error: could not compile `onramp-quickstart-check` (bin "onramp-quickstart-check") due to 1 previous error
[step 10 | + 23s] RESULT: FAIL - README Quick Start does not compile
[step 11 | + 23s] first error: error[E0599]: no method named `query` found for struct `RestHandler<A>` in the current scope
[step 12 | + 23s] done: 11 steps, 23s wall time, result=FAIL
